RUN ERROR: unsupported operand type(s) for -: 'Rolling' and 'float'
Traceback (most recent call last):
  File "/home/chengyou1368/crypto-xgboost/evolve/evaluate.py", line 154, in main
    result = run_fn(df)
             ^^^^^^^^^^
  File "/home/chengyou1368/crypto-xgboost/evolve/evaluate.py", line 130, in run_fn
    X_all = mod.build_features(df)
            ^^^^^^^^^^^^^^^^^^^^^^
  File "/home/chengyou1368/crypto-xgboost/results_20260511_211813/gen_4/main.py", line 124, in build_features
    skew = ((r - mu) ** 3).mean() / (sd**3 + 1e-9)
             ~~^~~~
  File "/home/chengyou1368/crypto-xgboost/crypto-venv/lib/python3.11/site-packages/pandas/core/ops/common.py", line 85, in new_method
    return method(self, other)
           ^^^^^^^^^^^^^^^^^^^
  File "/home/chengyou1368/crypto-xgboost/crypto-venv/lib/python3.11/site-packages/pandas/core/arraylike.py", line 202, in __rsub__
    return self._arith_method(other, roperator.rsub)
           ^^^^^^^^^^^^^^^^^^^^^^^^^^^^^^^^^^^^^^^^^
  File "/home/chengyou1368/crypto-xgboost/crypto-venv/lib/python3.11/site-packages/pandas/core/series.py", line 6751, in _arith_method
    return base.IndexOpsMixin._arith_method(self, other, op)
           ^^^^^^^^^^^^^^^^^^^^^^^^^^^^^^^^^^^^^^^^^^^^^^^^^
  File "/home/chengyou1368/crypto-xgboost/crypto-venv/lib/python3.11/site-packages/pandas/core/base.py", line 1644, in _arith_method
    result = ops.arithmetic_op(lvalues, rvalues, op)
             ^^^^^^^^^^^^^^^^^^^^^^^^^^^^^^^^^^^^^^^
  File "/home/chengyou1368/crypto-xgboost/crypto-venv/lib/python3.11/site-packages/pandas/core/ops/array_ops.py", line 289, in arithmetic_op
    res_values = _na_arithmetic_op(left, right, op)  # type: ignore[arg-type]
                 ^^^^^^^^^^^^^^^^^^^^^^^^^^^^^^^^^^
  File "/home/chengyou1368/crypto-xgboost/crypto-venv/lib/python3.11/site-packages/pandas/core/ops/array_ops.py", line 220, in _na_arithmetic_op
    result = func(left, right)
             ^^^^^^^^^^^^^^^^^
  File "/home/chengyou1368/crypto-xgboost/crypto-venv/lib/python3.11/site-packages/pandas/core/computation/expressions.py", line 243, in evaluate
    return _evaluate(op, op_str, left_op, right_op)  # type: ignore[misc]
           ^^^^^^^^^^^^^^^^^^^^^^^^^^^^^^^^^^^^^^^^
  File "/home/chengyou1368/crypto-xgboost/crypto-venv/lib/python3.11/site-packages/pandas/core/computation/expressions.py", line 74, in _evaluate_standard
    return op(left_op, right_op)
           ^^^^^^^^^^^^^^^^^^^^^
  File "/home/chengyou1368/crypto-xgboost/crypto-venv/lib/python3.11/site-packages/pandas/core/roperator.py", line 16, in rsub
    return right - left
           ~~~~~~^~~~~~
TypeError: unsupported operand type(s) for -: 'Rolling' and 'float'

