/home/chengyou1368/crypto-xgboost/results_20260511_234701/gen_13/main.py:219: PerformanceWarning: DataFrame is highly fragmented.  This is usually the result of calling `frame.insert` many times, which has poor performance.  Consider joining all columns at once using pd.concat(axis=1) instead. To get a de-fragmented frame, use `newframe = frame.copy()`
  feat["vol_x_eff"] = feat["vol_regime"] * feat["eff_10"]
/home/chengyou1368/crypto-xgboost/results_20260511_234701/gen_13/main.py:220: PerformanceWarning: DataFrame is highly fragmented.  This is usually the result of calling `frame.insert` many times, which has poor performance.  Consider joining all columns at once using pd.concat(axis=1) instead. To get a de-fragmented frame, use `newframe = frame.copy()`
  feat["price_x_vol"] = feat["price_sma10_dev"] * feat["vol_regime"]
/home/chengyou1368/crypto-xgboost/results_20260511_234701/gen_13/main.py:221: PerformanceWarning: DataFrame is highly fragmented.  This is usually the result of calling `frame.insert` many times, which has poor performance.  Consider joining all columns at once using pd.concat(axis=1) instead. To get a de-fragmented frame, use `newframe = frame.copy()`
  feat["bb_x_vol"] = feat["bb_pct"] * feat["vol_regime"]
/home/chengyou1368/crypto-xgboost/results_20260511_234701/gen_13/main.py:224: PerformanceWarning: DataFrame is highly fragmented.  This is usually the result of calling `frame.insert` many times, which has poor performance.  Consider joining all columns at once using pd.concat(axis=1) instead. To get a de-fragmented frame, use `newframe = frame.copy()`
  feat["mom_norm_vol"] = ret_3 / (vol_10 + eps)
/home/chengyou1368/crypto-xgboost/results_20260511_234701/gen_13/main.py:225: PerformanceWarning: DataFrame is highly fragmented.  This is usually the result of calling `frame.insert` many times, which has poor performance.  Consider joining all columns at once using pd.concat(axis=1) instead. To get a de-fragmented frame, use `newframe = frame.copy()`
  feat["mom_norm_vol_z"] = rz(feat["mom_norm_vol"], 15)
/home/chengyou1368/crypto-xgboost/results_20260511_234701/gen_13/main.py:228: PerformanceWarning: DataFrame is highly fragmented.  This is usually the result of calling `frame.insert` many times, which has poor performance.  Consider joining all columns at once using pd.concat(axis=1) instead. To get a de-fragmented frame, use `newframe = frame.copy()`
  feat["mom_x_vol_trend_rate"] = ret_3 * feat["vol_trend_rate"]
/home/chengyou1368/crypto-xgboost/results_20260511_234701/gen_13/main.py:229: PerformanceWarning: DataFrame is highly fragmented.  This is usually the result of calling `frame.insert` many times, which has poor performance.  Consider joining all columns at once using pd.concat(axis=1) instead. To get a de-fragmented frame, use `newframe = frame.copy()`
  feat["mom_x_eff_trend_rate"] = ret_3 * feat["eff_trend_rate"]
/home/chengyou1368/crypto-xgboost/results_20260511_234701/gen_13/main.py:232: PerformanceWarning: DataFrame is highly fragmented.  This is usually the result of calling `frame.insert` many times, which has poor performance.  Consider joining all columns at once using pd.concat(axis=1) instead. To get a de-fragmented frame, use `newframe = frame.copy()`
  feat["hour_sin"] = np.sin(2 * np.pi * df.index.hour / 24)
/home/chengyou1368/crypto-xgboost/results_20260511_234701/gen_13/main.py:233: PerformanceWarning: DataFrame is highly fragmented.  This is usually the result of calling `frame.insert` many times, which has poor performance.  Consider joining all columns at once using pd.concat(axis=1) instead. To get a de-fragmented frame, use `newframe = frame.copy()`
  feat["hour_cos"] = np.cos(2 * np.pi * df.index.hour / 24)
/home/chengyou1368/crypto-xgboost/results_20260511_234701/gen_13/main.py:234: PerformanceWarning: DataFrame is highly fragmented.  This is usually the result of calling `frame.insert` many times, which has poor performance.  Consider joining all columns at once using pd.concat(axis=1) instead. To get a de-fragmented frame, use `newframe = frame.copy()`
  feat["dow_sin"] = np.sin(2 * np.pi * df.index.dayofweek / 7)
/home/chengyou1368/crypto-xgboost/results_20260511_234701/gen_13/main.py:235: PerformanceWarning: DataFrame is highly fragmented.  This is usually the result of calling `frame.insert` many times, which has poor performance.  Consider joining all columns at once using pd.concat(axis=1) instead. To get a de-fragmented frame, use `newframe = frame.copy()`
  feat["is_weekend"] = (df.index.dayofweek >= 5).astype(float)
/home/chengyou1368/crypto-xgboost/results_20260511_234701/gen_13/main.py:249: PerformanceWarning: DataFrame is highly fragmented.  This is usually the result of calling `frame.insert` many times, which has poor performance.  Consider joining all columns at once using pd.concat(axis=1) instead. To get a de-fragmented frame, use `newframe = frame.copy()`
  feat["obi_tau1"] = df.apply(lambda r: obi(r, 1), axis=1)
/home/chengyou1368/crypto-xgboost/results_20260511_234701/gen_13/main.py:250: PerformanceWarning: DataFrame is highly fragmented.  This is usually the result of calling `frame.insert` many times, which has poor performance.  Consider joining all columns at once using pd.concat(axis=1) instead. To get a de-fragmented frame, use `newframe = frame.copy()`
  feat["obi_tau3"] = df.apply(lambda r: obi(r, 3), axis=1)
/home/chengyou1368/crypto-xgboost/results_20260511_234701/gen_13/main.py:251: PerformanceWarning: DataFrame is highly fragmented.  This is usually the result of calling `frame.insert` many times, which has poor performance.  Consider joining all columns at once using pd.concat(axis=1) instead. To get a de-fragmented frame, use `newframe = frame.copy()`
  feat["obi_tau1_z40"] = rz(feat["obi_tau1"], 40)
/home/chengyou1368/crypto-xgboost/results_20260511_234701/gen_13/main.py:256: PerformanceWarning: DataFrame is highly fragmented.  This is usually the result of calling `frame.insert` many times, which has poor performance.  Consider joining all columns at once using pd.concat(axis=1) instead. To get a de-fragmented frame, use `newframe = frame.copy()`
  feat["funding_rate"] = fr
/home/chengyou1368/crypto-xgboost/results_20260511_234701/gen_13/main.py:257: PerformanceWarning: DataFrame is highly fragmented.  This is usually the result of calling `frame.insert` many times, which has poor performance.  Consider joining all columns at once using pd.concat(axis=1) instead. To get a de-fragmented frame, use `newframe = frame.copy()`
  feat["funding_8h_ma"] = fr.rolling(32).mean()
/home/chengyou1368/crypto-xgboost/results_20260511_234701/gen_13/main.py:258: PerformanceWarning: DataFrame is highly fragmented.  This is usually the result of calling `frame.insert` many times, which has poor performance.  Consider joining all columns at once using pd.concat(axis=1) instead. To get a de-fragmented frame, use `newframe = frame.copy()`
  feat["funding_momentum"] = fr.diff(4)
/home/chengyou1368/crypto-xgboost/results_20260511_234701/gen_13/main.py:259: PerformanceWarning: DataFrame is highly fragmented.  This is usually the result of calling `frame.insert` many times, which has poor performance.  Consider joining all columns at once using pd.concat(axis=1) instead. To get a de-fragmented frame, use `newframe = frame.copy()`
  feat["funding_z40"] = rz(fr, 40)
/home/chengyou1368/crypto-xgboost/results_20260511_234701/gen_13/main.py:260: PerformanceWarning: DataFrame is highly fragmented.  This is usually the result of calling `frame.insert` many times, which has poor performance.  Consider joining all columns at once using pd.concat(axis=1) instead. To get a de-fragmented frame, use `newframe = frame.copy()`
  feat["funding_x_volregime"] = fr * feat["vol_regime"]
