RUN ERROR: too many indices for array: array is 1-dimensional, but 2 were indexed
Traceback (most recent call last):
  File "/home/chengyou1368/crypto-xgboost/evolve/evaluate.py", line 217, in main
    result = run_fn(df)
             ^^^^^^^^^^
  File "/home/chengyou1368/crypto-xgboost/evolve/evaluate.py", line 193, in run_fn
    X_all = mod.build_features(df)
            ^^^^^^^^^^^^^^^^^^^^^^
  File "/home/chengyou1368/crypto-xgboost/results_20260512_104323/gen_9/main.py", line 103, in build_features
    feat['obi_z'] = zscore(df.apply(obi, axis=1))
                           ^^^^^^^^^^^^^^^^^^^^^
  File "/home/chengyou1368/crypto-xgboost/crypto-venv/lib/python3.11/site-packages/pandas/core/frame.py", line 12423, in apply
    return op.apply().__finalize__(self, method="apply")
           ^^^^^^^^^^
  File "/home/chengyou1368/crypto-xgboost/crypto-venv/lib/python3.11/site-packages/pandas/core/apply.py", line 1015, in apply
    return self.apply_standard()
           ^^^^^^^^^^^^^^^^^^^^^
  File "/home/chengyou1368/crypto-xgboost/crypto-venv/lib/python3.11/site-packages/pandas/core/apply.py", line 1167, in apply_standard
    results, res_index = self.apply_series_generator()
                         ^^^^^^^^^^^^^^^^^^^^^^^^^^^^^
  File "/home/chengyou1368/crypto-xgboost/crypto-venv/lib/python3.11/site-packages/pandas/core/apply.py", line 1183, in apply_series_generator
    results[i] = self.func(v, *self.args, **self.kwargs)
                 ^^^^^^^^^^^^^^^^^^^^^^^^^^^^^^^^^^^^^^^
  File "/home/chengyou1368/crypto-xgboost/results_20260512_104323/gen_9/main.py", line 101, in obi
    bv, av = np.sum(b[:, 1]), np.sum(a[:, 1])
                    ~^^^^^^
IndexError: too many indices for array: array is 1-dimensional, but 2 were indexed

