/home/chengyou1368/crypto-xgboost/results_20260511_234701/gen_12/main.py:224: PerformanceWarning: DataFrame is highly fragmented.  This is usually the result of calling `frame.insert` many times, which has poor performance.  Consider joining all columns at once using pd.concat(axis=1) instead. To get a de-fragmented frame, use `newframe = frame.copy()`
  feat["eff_x_volinst"] = feat["eff_10"] * feat["vol_regime_instability"]
/home/chengyou1368/crypto-xgboost/results_20260511_234701/gen_12/main.py:225: PerformanceWarning: DataFrame is highly fragmented.  This is usually the result of calling `frame.insert` many times, which has poor performance.  Consider joining all columns at once using pd.concat(axis=1) instead. To get a de-fragmented frame, use `newframe = frame.copy()`
  feat["trend_x_volinst"] = trend_10 * feat["vol_regime_instability"]
/home/chengyou1368/crypto-xgboost/results_20260511_234701/gen_12/main.py:228: PerformanceWarning: DataFrame is highly fragmented.  This is usually the result of calling `frame.insert` many times, which has poor performance.  Consider joining all columns at once using pd.concat(axis=1) instead. To get a de-fragmented frame, use `newframe = frame.copy()`
  feat["hour_sin"] = np.sin(2 * np.pi * df.index.hour / 24)
/home/chengyou1368/crypto-xgboost/results_20260511_234701/gen_12/main.py:229: PerformanceWarning: DataFrame is highly fragmented.  This is usually the result of calling `frame.insert` many times, which has poor performance.  Consider joining all columns at once using pd.concat(axis=1) instead. To get a de-fragmented frame, use `newframe = frame.copy()`
  feat["hour_cos"] = np.cos(2 * np.pi * df.index.hour / 24)
/home/chengyou1368/crypto-xgboost/results_20260511_234701/gen_12/main.py:230: PerformanceWarning: DataFrame is highly fragmented.  This is usually the result of calling `frame.insert` many times, which has poor performance.  Consider joining all columns at once using pd.concat(axis=1) instead. To get a de-fragmented frame, use `newframe = frame.copy()`
  feat["dow_sin"] = np.sin(2 * np.pi * df.index.dayofweek / 7)
/home/chengyou1368/crypto-xgboost/results_20260511_234701/gen_12/main.py:231: PerformanceWarning: DataFrame is highly fragmented.  This is usually the result of calling `frame.insert` many times, which has poor performance.  Consider joining all columns at once using pd.concat(axis=1) instead. To get a de-fragmented frame, use `newframe = frame.copy()`
  feat["is_weekend"] = (df.index.dayofweek >= 5).astype(float)
/home/chengyou1368/crypto-xgboost/results_20260511_234701/gen_12/main.py:245: PerformanceWarning: DataFrame is highly fragmented.  This is usually the result of calling `frame.insert` many times, which has poor performance.  Consider joining all columns at once using pd.concat(axis=1) instead. To get a de-fragmented frame, use `newframe = frame.copy()`
  feat["obi_tau1"] = df.apply(lambda r: obi(r, 1), axis=1)
/home/chengyou1368/crypto-xgboost/results_20260511_234701/gen_12/main.py:246: PerformanceWarning: DataFrame is highly fragmented.  This is usually the result of calling `frame.insert` many times, which has poor performance.  Consider joining all columns at once using pd.concat(axis=1) instead. To get a de-fragmented frame, use `newframe = frame.copy()`
  feat["obi_tau3"] = df.apply(lambda r: obi(r, 3), axis=1)
/home/chengyou1368/crypto-xgboost/results_20260511_234701/gen_12/main.py:247: PerformanceWarning: DataFrame is highly fragmented.  This is usually the result of calling `frame.insert` many times, which has poor performance.  Consider joining all columns at once using pd.concat(axis=1) instead. To get a de-fragmented frame, use `newframe = frame.copy()`
  feat["obi_tau1_z40"] = rz(feat["obi_tau1"], 40)
/home/chengyou1368/crypto-xgboost/results_20260511_234701/gen_12/main.py:252: PerformanceWarning: DataFrame is highly fragmented.  This is usually the result of calling `frame.insert` many times, which has poor performance.  Consider joining all columns at once using pd.concat(axis=1) instead. To get a de-fragmented frame, use `newframe = frame.copy()`
  feat["funding_rate"] = fr
/home/chengyou1368/crypto-xgboost/results_20260511_234701/gen_12/main.py:253: PerformanceWarning: DataFrame is highly fragmented.  This is usually the result of calling `frame.insert` many times, which has poor performance.  Consider joining all columns at once using pd.concat(axis=1) instead. To get a de-fragmented frame, use `newframe = frame.copy()`
  feat["funding_8h_ma"] = fr.rolling(32).mean()
/home/chengyou1368/crypto-xgboost/results_20260511_234701/gen_12/main.py:254: PerformanceWarning: DataFrame is highly fragmented.  This is usually the result of calling `frame.insert` many times, which has poor performance.  Consider joining all columns at once using pd.concat(axis=1) instead. To get a de-fragmented frame, use `newframe = frame.copy()`
  feat["funding_momentum"] = fr.diff(4)
/home/chengyou1368/crypto-xgboost/results_20260511_234701/gen_12/main.py:255: PerformanceWarning: DataFrame is highly fragmented.  This is usually the result of calling `frame.insert` many times, which has poor performance.  Consider joining all columns at once using pd.concat(axis=1) instead. To get a de-fragmented frame, use `newframe = frame.copy()`
  feat["funding_z40"] = rz(fr, 40)
/home/chengyou1368/crypto-xgboost/results_20260511_234701/gen_12/main.py:256: PerformanceWarning: DataFrame is highly fragmented.  This is usually the result of calling `frame.insert` many times, which has poor performance.  Consider joining all columns at once using pd.concat(axis=1) instead. To get a de-fragmented frame, use `newframe = frame.copy()`
  feat["funding_x_volregime"] = fr * feat["vol_regime"]
/home/chengyou1368/crypto-xgboost/results_20260511_234701/gen_12/main.py:257: PerformanceWarning: DataFrame is highly fragmented.  This is usually the result of calling `frame.insert` many times, which has poor performance.  Consider joining all columns at once using pd.concat(axis=1) instead. To get a de-fragmented frame, use `newframe = frame.copy()`
  feat["funding_x_volinst"] = fr * feat["vol_regime_instability"]
/home/chengyou1368/crypto-xgboost/results_20260511_234701/gen_12/main.py:266: PerformanceWarning: DataFrame is highly fragmented.  This is usually the result of calling `frame.insert` many times, which has poor performance.  Consider joining all columns at once using pd.concat(axis=1) instead. To get a de-fragmented frame, use `newframe = frame.copy()`
  feat[f"ret_{lag}_vola"] = feat[f"ret_{lag}"] / (realized_vol + eps)
/home/chengyou1368/crypto-xgboost/results_20260511_234701/gen_12/main.py:266: PerformanceWarning: DataFrame is highly fragmented.  This is usually the result of calling `frame.insert` many times, which has poor performance.  Consider joining all columns at once using pd.concat(axis=1) instead. To get a de-fragmented frame, use `newframe = frame.copy()`
  feat[f"ret_{lag}_vola"] = feat[f"ret_{lag}"] / (realized_vol + eps)
/home/chengyou1368/crypto-xgboost/results_20260511_234701/gen_12/main.py:266: PerformanceWarning: DataFrame is highly fragmented.  This is usually the result of calling `frame.insert` many times, which has poor performance.  Consider joining all columns at once using pd.concat(axis=1) instead. To get a de-fragmented frame, use `newframe = frame.copy()`
  feat[f"ret_{lag}_vola"] = feat[f"ret_{lag}"] / (realized_vol + eps)
/home/chengyou1368/crypto-xgboost/results_20260511_234701/gen_12/main.py:269: PerformanceWarning: DataFrame is highly fragmented.  This is usually the result of calling `frame.insert` many times, which has poor performance.  Consider joining all columns at once using pd.concat(axis=1) instead. To get a de-fragmented frame, use `newframe = frame.copy()`
  feat["price_sma5_dev_vola"] = feat["price_sma5_dev"] / (realized_vol.rolling(20).mean() + eps)
/home/chengyou1368/crypto-xgboost/results_20260511_234701/gen_12/main.py:270: PerformanceWarning: DataFrame is highly fragmented.  This is usually the result of calling `frame.insert` many times, which has poor performance.  Consider joining all columns at once using pd.concat(axis=1) instead. To get a de-fragmented frame, use `newframe = frame.copy()`
  feat["price_sma10_dev_vola"] = feat["price_sma10_dev"] / (realized_vol.rolling(20).mean() + eps)
/home/chengyou1368/crypto-xgboost/results_20260511_234701/gen_12/main.py:271: PerformanceWarning: DataFrame is highly fragmented.  This is usually the result of calling `frame.insert` many times, which has poor performance.  Consider joining all columns at once using pd.concat(axis=1) instead. To get a de-fragmented frame, use `newframe = frame.copy()`
  feat["bb_pct_vola"] = feat["bb_pct"] / (realized_vol.rolling(20).mean() + eps)
