RUN ERROR: Invalid frequency: 15T. Failed to parse with error message: ValueError("Invalid frequency: T. Failed to parse with error message: KeyError('T'). Did you mean min?")
Traceback (most recent call last):
  File "pandas/_libs/tslibs/offsets.pyx", line 6213, in pandas._libs.tslibs.offsets._get_offset
KeyError: 'T'

During handling of the above exception, another exception occurred:

Traceback (most recent call last):
  File "pandas/_libs/tslibs/offsets.pyx", line 6344, in pandas._libs.tslibs.offsets.to_offset
  File "pandas/_libs/tslibs/offsets.pyx", line 6219, in pandas._libs.tslibs.offsets._get_offset
  File "pandas/_libs/tslibs/offsets.pyx", line 6137, in pandas._libs.tslibs.offsets.raise_invalid_freq
ValueError: Invalid frequency: T. Failed to parse with error message: KeyError('T'). Did you mean min?

During handling of the above exception, another exception occurred:

Traceback (most recent call last):
  File "/home/chengyou1368/crypto-xgboost/evolve/evaluate.py", line 153, in main
    result = run_fn(df)
             ^^^^^^^^^^
  File "/home/chengyou1368/crypto-xgboost/evolve/evaluate.py", line 129, in run_fn
    X_all = mod.build_features(df)
            ^^^^^^^^^^^^^^^^^^^^^^
  File "/home/chengyou1368/crypto-xgboost/results_20260511_195848/gen_18/main.py", line 94, in build_features
    feat['hour_sin'] = np.sin(2 * np.pi * df.index.shift(1, freq='15T').hour / 24)
                                          ^^^^^^^^^^^^^^^^^^^^^^^^^^^^^
  File "/home/chengyou1368/crypto-xgboost/crypto-venv/lib/python3.11/site-packages/pandas/core/indexes/datetimelike.py", line 657, in shift
    freq = to_offset(freq)
           ^^^^^^^^^^^^^^^
  File "pandas/_libs/tslibs/offsets.pyx", line 6229, in pandas._libs.tslibs.offsets.to_offset
  File "pandas/_libs/tslibs/offsets.pyx", line 6352, in pandas._libs.tslibs.offsets.to_offset
  File "pandas/_libs/tslibs/offsets.pyx", line 6137, in pandas._libs.tslibs.offsets.raise_invalid_freq
ValueError: Invalid frequency: 15T. Failed to parse with error message: ValueError("Invalid frequency: T. Failed to parse with error message: KeyError('T'). Did you mean min?")

