RUN ERROR: 'vol_compress'
Traceback (most recent call last):
  File "/home/chengyou1368/crypto-xgboost/crypto-venv/lib/python3.11/site-packages/pandas/core/indexes/base.py", line 3641, in get_loc
    return self._engine.get_loc(casted_key)
           ^^^^^^^^^^^^^^^^^^^^^^^^^^^^^^^^
  File "pandas/_libs/index.pyx", line 168, in pandas._libs.index.IndexEngine.get_loc
  File "pandas/_libs/index.pyx", line 197, in pandas._libs.index.IndexEngine.get_loc
  File "pandas/_libs/hashtable_class_helper.pxi", line 7668, in pandas._libs.hashtable.PyObjectHashTable.get_item
  File "pandas/_libs/hashtable_class_helper.pxi", line 7676, in pandas._libs.hashtable.PyObjectHashTable.get_item
KeyError: 'vol_compress'

The above exception was the direct cause of the following exception:

Traceback (most recent call last):
  File "/home/chengyou1368/crypto-xgboost/evolve/evaluate.py", line 154, in main
    result = run_fn(df)
             ^^^^^^^^^^
  File "/home/chengyou1368/crypto-xgboost/evolve/evaluate.py", line 130, in run_fn
    X_all = mod.build_features(df)
            ^^^^^^^^^^^^^^^^^^^^^^
  File "/home/chengyou1368/crypto-xgboost/results_20260511_211813/gen_40/main.py", line 142, in build_features
    feat["meanrev_x_vol"] = feat["z_close_24"] * feat["vol_compress"]
                                                 ~~~~^^^^^^^^^^^^^^^^
  File "/home/chengyou1368/crypto-xgboost/crypto-venv/lib/python3.11/site-packages/pandas/core/frame.py", line 4378, in __getitem__
    indexer = self.columns.get_loc(key)
              ^^^^^^^^^^^^^^^^^^^^^^^^^
  File "/home/chengyou1368/crypto-xgboost/crypto-venv/lib/python3.11/site-packages/pandas/core/indexes/base.py", line 3648, in get_loc
    raise KeyError(key) from err
KeyError: 'vol_compress'

